The selected window backend is x11 
Mono path[0] = '/home/damian/repos/URLNPC/Builds/Linux/URLNPC_Data/Managed'
Mono config path = '/home/damian/repos/URLNPC/Builds/Linux/URLNPC_Data/MonoBleedingEdge/etc'
Input System module state changed to: Initialized.
[Physics::Module] Initialized fallback backend.
[Physics::Module] Id: 0xdecafbad
Initialize engine version: 6000.0.74f1 (7685f01dc6be)
[Subsystems] Discovering subsystems at path /home/damian/repos/URLNPC/Builds/Linux/URLNPC_Data/UnitySubsystems
Forcing GfxDevice: Null
GfxDevice: creating device client; kGfxThreadingModeNonThreaded
NullGfxDevice:
    Version:  NULL 1.0 [1.0]
    Renderer: Null Device
    Vendor:   Unity Technologies
Begin MonoManager ReloadAssembly
- Loaded All Assemblies, in  0.564 seconds
- Finished resetting the current domain, in  0.018 seconds
[Physics::Module] Selected backend.
[Physics::Module] Name: PhysX
[Physics::Module] Id: 0xf2b8ea05
[Physics::Module] SDK Version: 4.1.2
[Physics::Module] Integration Version: 1.0.0
[Physics::Module] Threading Mode: Multi-Threaded
<b>[App UI]</b> Unable to find an AppUISettings instance, creating a default one...
UnloadTime: 0.712248 ms
Registered Communicator in Agent.
[EnemyAgent] Overriding serialized MaxStep 5000 -> 0; the round clock owns episode timeout.
[RunRng] Run seed: 1234 (source: command line). Replay with '-runSeed 1234' or ArenaManager.runSeed = 1234.
[ArenaManager] Built arena #1 "The Pit" (28x28).
[CombatantRig] Player driver: Agent.
[Telemetry] Logging to /home/damian/.config/unity3d/DefaultCompany/URLNPC/Telemetry/session_20260817_115454_28007.jsonl
requesting resize 84 x 84
Unable to save timers to file /home/damian/repos/URLNPC/Builds/Linux/URLNPC_Data/ML-Agents/Timers/FPS_timers.json
[Physics::Module] Cleanup current backned.
[Physics::Module] Id: 0xf2b8ea05
Input System module state changed to: ShutdownInProgress.
Input System polliX Error of failed request:  BadRRCrtc (invalid Crtc parameter)
  Major opcode of failed request:  139 (RANDR)
  Minor opcode of failed request:  20 (RRGetCrtcInfo)
  Crtc id in failed request: 0x525
  Serial number of failed request:  1628
  Current serial number in output stream:  1628
