==> mlagents-learn config/URLNPC-selfplay.yaml --run-id=holdcover-only --env=/home/damian/repos/URLNPC/Builds/Linux/URLNPC.x86_64 --no-graphics --seed=1234 --env-args -playerDriver agent -runSeed 1234 -trainModes HoldCover -heuristicOpponent 0.3

            ┐  ╖
        ╓╖╬│╡  ││╬╖╖
    ╓╖╬│││││┘  ╬│││││╬╖
 ╖╬│││││╬╜        ╙╬│││││╖╖                               ╗╗╗
 ╬╬╬╬╖││╦╖        ╖╬││╗╣╣╣╬      ╟╣╣╬    ╟╣╣╣             ╜╜╜  ╟╣╣
 ╬╬╬╬╬╬╬╬╖│╬╖╖╓╬╪│╓╣╣╣╣╣╣╣╬      ╟╣╣╬    ╟╣╣╣ ╒╣╣╖╗╣╣╣╗   ╣╣╣ ╣╣╣╣╣╣ ╟╣╣╖   ╣╣╣
 ╬╬╬╬┐  ╙╬╬╬╬│╓╣╣╣╝╜  ╫╣╣╣╬      ╟╣╣╬    ╟╣╣╣ ╟╣╣╣╙ ╙╣╣╣  ╣╣╣ ╙╟╣╣╜╙  ╫╣╣  ╟╣╣
 ╬╬╬╬┐     ╙╬╬╣╣      ╫╣╣╣╬      ╟╣╣╬    ╟╣╣╣ ╟╣╣╬   ╣╣╣  ╣╣╣  ╟╣╣     ╣╣╣┌╣╣╜
 ╬╬╬╜       ╬╬╣╣      ╙╝╣╣╬      ╙╣╣╣╗╖╓╗╣╣╣╜ ╟╣╣╬   ╣╣╣  ╣╣╣  ╟╣╣╦╓    ╣╣╣╣╣
 ╙   ╓╦╖    ╬╬╣╣   ╓╗╗╖            ╙╝╣╣╣╣╝╜   ╘╝╝╜   ╝╝╝  ╝╝╝   ╙╣╣╣    ╟╣╣╣
   ╩╬╬╬╬╬╬╦╦╬╬╣╣╗╣╣╣╣╣╣╣╝                                             ╫╣╣╣╣
      ╙╬╬╬╬╬╬╬╣╣╣╣╣╣╝╜
          ╙╬╬╬╣╣╣╜
             ╙
        
 Version information:
  ml-agents: 1.1.0,
  ml-agents-envs: 1.1.0,
  Communicator API: 1.5.0,
  PyTorch: 2.2.1+cu121
[INFO] Connected to Unity environment with package version 3.0.0 and communication version 1.5.0
[INFO] Connected new brain: URLNPC?team=0
[INFO] Connected new brain: URLNPC?team=1
[INFO] Hyperparameters for behavior name URLNPC: 
	trainer_type:	ppo
	hyperparameters:	
	  batch_size:	1024
	  buffer_size:	10240
	  learning_rate:	0.0003
	  beta:	0.005
	  epsilon:	0.2
	  lambd:	0.95
	  num_epoch:	3
	  shared_critic:	False
	  learning_rate_schedule:	linear
	  beta_schedule:	linear
	  epsilon_schedule:	linear
	checkpoint_interval:	50000
	network_settings:	
	  normalize:	False
	  hidden_units:	128
	  num_layers:	2
	  vis_encode_type:	simple
	  memory:	None
	  goal_conditioning_type:	hyper
	  deterministic:	False
	reward_signals:	
	  extrinsic:	
	    gamma:	0.99
	    strength:	1.0
	    network_settings:	
	      normalize:	False
	      hidden_units:	128
	      num_layers:	2
	      vis_encode_type:	simple
	      memory:	None
	      goal_conditioning_type:	hyper
	      deterministic:	False
	init_path:	None
	keep_checkpoints:	5
	even_checkpoints:	False
	max_steps:	1000000
	time_horizon:	64
	summary_freq:	10000
	threaded:	True
	self_play:	
	  save_steps:	20000
	  team_change:	100000
	  swap_steps:	2000
	  window:	10
	  play_against_latest_model_ratio:	0.5
	  initial_elo:	1200.0
	behavioral_cloning:	None
[INFO] URLNPC. Step: 10000. Time Elapsed: 84.432 s. Mean Reward: -0.359. Std of Reward: 3.101. Training. ELO: 1194.372.
[INFO] URLNPC. Step: 20000. Time Elapsed: 187.984 s. Mean Reward: -0.053. Std of Reward: 3.379. Training. ELO: 1188.434.
[INFO] URLNPC. Step: 30000. Time Elapsed: 289.158 s. Mean Reward: 0.638. Std of Reward: 3.052. Training. ELO: 1189.151.
[INFO] URLNPC. Step: 40000. Time Elapsed: 393.052 s. Mean Reward: 0.579. Std of Reward: 3.094. Training. ELO: 1192.489.
[INFO] URLNPC. Step: 50000. Time Elapsed: 499.240 s. Mean Reward: -0.079. Std of Reward: 3.346. Training. ELO: 1193.436.
[INFO] Exported results/holdcover-only/URLNPC/URLNPC-49962.onnx
[INFO] URLNPC. Step: 60000. Time Elapsed: 583.380 s. Mean Reward: 0.400. Std of Reward: 3.071. Training. ELO: 1192.282.
[INFO] URLNPC. Step: 70000. Time Elapsed: 672.210 s. Mean Reward: 0.013. Std of Reward: 3.126. Training. ELO: 1193.542.
[INFO] URLNPC. Step: 80000. Time Elapsed: 761.189 s. Mean Reward: 0.156. Std of Reward: 2.994. Training. ELO: 1196.881.
[INFO] URLNPC. Step: 90000. Time Elapsed: 844.552 s. Mean Reward: -0.009. Std of Reward: 3.218. Training. ELO: 1198.139.
[INFO] URLNPC. Step: 100000. Time Elapsed: 928.944 s. Mean Reward: 0.471. Std of Reward: 3.079. Training. ELO: 1199.286.
[INFO] Exported results/holdcover-only/URLNPC/URLNPC-99996.onnx
[INFO] URLNPC. Step: 110000. Time Elapsed: 1033.618 s. Mean Reward: 0.448. Std of Reward: 2.781. Training. ELO: 1202.098.
[INFO] URLNPC. Step: 120000. Time Elapsed: 1139.766 s. Mean Reward: 0.515. Std of Reward: 2.749. Training. ELO: 1212.000.
[INFO] URLNPC. Step: 130000. Time Elapsed: 1248.663 s. Mean Reward: 0.373. Std of Reward: 2.406. Training. ELO: 1222.604.
[INFO] URLNPC. Step: 140000. Time Elapsed: 1357.407 s. Mean Reward: 0.846. Std of Reward: 2.631. Training. ELO: 1231.840.
[INFO] URLNPC. Step: 150000. Time Elapsed: 1466.649 s. Mean Reward: 0.797. Std of Reward: 2.534. Training. ELO: 1241.701.
[INFO] Exported results/holdcover-only/URLNPC/URLNPC-149999.onnx
[INFO] URLNPC. Step: 160000. Time Elapsed: 1588.965 s. Mean Reward: 0.152. Std of Reward: 2.577. Training. ELO: 1246.095.
[INFO] URLNPC. Step: 170000. Time Elapsed: 1715.379 s. Mean Reward: 0.271. Std of Reward: 2.632. Training. ELO: 1243.420.
[INFO] URLNPC. Step: 180000. Time Elapsed: 1830.642 s. Mean Reward: 1.064. Std of Reward: 2.832. Training. ELO: 1254.921.
[INFO] URLNPC. Step: 190000. Time Elapsed: 1952.143 s. Mean Reward: 0.891. Std of Reward: 2.933. Training. ELO: 1260.308.
[INFO] URLNPC. Step: 200000. Time Elapsed: 2076.381 s. Mean Reward: 0.427. Std of Reward: 2.649. Training. ELO: 1265.919.
[INFO] Exported results/holdcover-only/URLNPC/URLNPC-199937.onnx
[INFO] URLNPC. Step: 210000. Time Elapsed: 2169.169 s. Mean Reward: 0.094. Std of Reward: 3.138. Training. ELO: 1268.347.
[INFO] URLNPC. Step: 220000. Time Elapsed: 2259.885 s. Mean Reward: 0.296. Std of Reward: 2.984. Training. ELO: 1266.547.
[INFO] URLNPC. Step: 230000. Time Elapsed: 2350.714 s. Mean Reward: 0.586. Std of Reward: 3.134. Training. ELO: 1262.304.
[INFO] URLNPC. Step: 240000. Time Elapsed: 2441.320 s. Mean Reward: 0.165. Std of Reward: 2.900. Training. ELO: 1260.065.
[INFO] URLNPC. Step: 250000. Time Elapsed: 2531.361 s. Mean Reward: 0.481. Std of Reward: 2.871. Training. ELO: 1257.405.
[INFO] Exported results/holdcover-only/URLNPC/URLNPC-249992.onnx
[INFO] URLNPC. Step: 260000. Time Elapsed: 2621.062 s. Mean Reward: 0.646. Std of Reward: 2.897. Training. ELO: 1258.203.
[INFO] URLNPC. Step: 270000. Time Elapsed: 2710.448 s. Mean Reward: -0.002. Std of Reward: 2.924. Training. ELO: 1260.142.
[INFO] URLNPC. Step: 280000. Time Elapsed: 2800.768 s. Mean Reward: 0.132. Std of Reward: 2.924. Training. ELO: 1263.442.
[INFO] URLNPC. Step: 290000. Time Elapsed: 2890.478 s. Mean Reward: 0.284. Std of Reward: 2.798. Training. ELO: 1262.243.
[INFO] URLNPC. Step: 300000. Time Elapsed: 2981.043 s. Mean Reward: 0.226. Std of Reward: 3.108. Training. ELO: 1258.900.
[INFO] Exported results/holdcover-only/URLNPC/URLNPC-299964.onnx
[INFO] URLNPC. Step: 310000. Time Elapsed: 3098.219 s. Mean Reward: 0.036. Std of Reward: 2.593. Training. ELO: 1256.326.
[INFO] URLNPC. Step: 320000. Time Elapsed: 3212.469 s. Mean Reward: 0.289. Std of Reward: 2.407. Training. ELO: 1256.908.
[INFO] URLNPC. Step: 330000. Time Elapsed: 3327.078 s. Mean Reward: 0.948. Std of Reward: 2.405. Training. ELO: 1259.048.
[INFO] URLNPC. Step: 340000. Time Elapsed: 3443.813 s. Mean Reward: 0.249. Std of Reward: 2.469. Training. ELO: 1264.246.
[INFO] URLNPC. Step: 350000. Time Elapsed: 3559.582 s. Mean Reward: 0.692. Std of Reward: 2.823. Training. ELO: 1271.475.
[INFO] Exported results/holdcover-only/URLNPC/URLNPC-349973.onnx
[INFO] URLNPC. Step: 360000. Time Elapsed: 3672.946 s. Mean Reward: 0.560. Std of Reward: 2.909. Training. ELO: 1277.428.
[INFO] URLNPC. Step: 370000. Time Elapsed: 3789.178 s. Mean Reward: 0.793. Std of Reward: 2.529. Training. ELO: 1284.819.
[INFO] URLNPC. Step: 380000. Time Elapsed: 3902.088 s. Mean Reward: 1.121. Std of Reward: 2.574. Training. ELO: 1288.394.
[INFO] URLNPC. Step: 390000. Time Elapsed: 4020.146 s. Mean Reward: 0.637. Std of Reward: 2.680. Training. ELO: 1296.815.
[INFO] URLNPC. Step: 400000. Time Elapsed: 4138.218 s. Mean Reward: 0.458. Std of Reward: 2.580. Training. ELO: 1296.949.
[INFO] Exported results/holdcover-only/URLNPC/URLNPC-399998.onnx
[INFO] URLNPC. Step: 410000. Time Elapsed: 4229.438 s. Mean Reward: 0.156. Std of Reward: 3.034. Training. ELO: 1290.236.
[INFO] URLNPC. Step: 420000. Time Elapsed: 4320.785 s. Mean Reward: 0.588. Std of Reward: 3.105. Training. ELO: 1285.871.
[INFO] URLNPC. Step: 430000. Time Elapsed: 4411.213 s. Mean Reward: 0.369. Std of Reward: 3.160. Training. ELO: 1286.027.
[INFO] URLNPC. Step: 440000. Time Elapsed: 4503.076 s. Mean Reward: 0.000. Std of Reward: 2.854. Training. ELO: 1284.872.
[INFO] URLNPC. Step: 450000. Time Elapsed: 4592.391 s. Mean Reward: 0.151. Std of Reward: 2.933. Training. ELO: 1279.215.
[INFO] Exported results/holdcover-only/URLNPC/URLNPC-449937.onnx
[INFO] URLNPC. Step: 460000. Time Elapsed: 4683.659 s. Mean Reward: 0.268. Std of Reward: 3.001. Training. ELO: 1276.034.
[INFO] URLNPC. Step: 470000. Time Elapsed: 4773.376 s. Mean Reward: 0.440. Std of Reward: 2.665. Training. ELO: 1278.079.
[INFO] URLNPC. Step: 480000. Time Elapsed: 4864.890 s. Mean Reward: 0.686. Std of Reward: 3.049. Training. ELO: 1276.190.
[INFO] URLNPC. Step: 490000. Time Elapsed: 4954.458 s. Mean Reward: 0.682. Std of Reward: 2.984. Training. ELO: 1279.765.
[INFO] URLNPC. Step: 500000. Time Elapsed: 5045.725 s. Mean Reward: 0.129. Std of Reward: 3.048. Training. ELO: 1281.020.
[INFO] Exported results/holdcover-only/URLNPC/URLNPC-499939.onnx
[INFO] URLNPC. Step: 510000. Time Elapsed: 5163.728 s. Mean Reward: 0.467. Std of Reward: 2.648. Training. ELO: 1277.621.
[INFO] URLNPC. Step: 520000. Time Elapsed: 5278.522 s. Mean Reward: 0.793. Std of Reward: 2.697. Training. ELO: 1282.605.
[INFO] URLNPC. Step: 530000. Time Elapsed: 5394.882 s. Mean Reward: 0.674. Std of Reward: 2.635. Training. ELO: 1290.872.
[INFO] URLNPC. Step: 540000. Time Elapsed: 5507.730 s. Mean Reward: 0.712. Std of Reward: 2.904. Training. ELO: 1291.161.
[INFO] URLNPC. Step: 550000. Time Elapsed: 5623.512 s. Mean Reward: 0.622. Std of Reward: 2.788. Training. ELO: 1293.181.
[INFO] Exported results/holdcover-only/URLNPC/URLNPC-549939.onnx
[INFO] URLNPC. Step: 560000. Time Elapsed: 5740.102 s. Mean Reward: 0.991. Std of Reward: 2.410. Training. ELO: 1300.682.
[INFO] URLNPC. Step: 570000. Time Elapsed: 5851.560 s. Mean Reward: 0.747. Std of Reward: 2.926. Training. ELO: 1302.717.
[INFO] URLNPC. Step: 580000. Time Elapsed: 5964.871 s. Mean Reward: 0.808. Std of Reward: 2.735. Training. ELO: 1306.554.
[INFO] URLNPC. Step: 590000. Time Elapsed: 6075.918 s. Mean Reward: 1.020. Std of Reward: 2.930. Training. ELO: 1311.967.
[INFO] URLNPC. Step: 600000. Time Elapsed: 6190.107 s. Mean Reward: 0.609. Std of Reward: 2.695. Training. ELO: 1314.767.
[INFO] Exported results/holdcover-only/URLNPC/URLNPC-599963.onnx
[INFO] URLNPC. Step: 610000. Time Elapsed: 6280.373 s. Mean Reward: -0.211. Std of Reward: 2.977. Training. ELO: 1306.841.
[INFO] URLNPC. Step: 620000. Time Elapsed: 6372.723 s. Mean Reward: 0.228. Std of Reward: 2.730. Training. ELO: 1294.676.
[INFO] URLNPC. Step: 630000. Time Elapsed: 6464.441 s. Mean Reward: 0.612. Std of Reward: 3.153. Training. ELO: 1294.554.
[INFO] URLNPC. Step: 640000. Time Elapsed: 6553.995 s. Mean Reward: 0.230. Std of Reward: 3.278. Training. ELO: 1292.278.
[INFO] URLNPC. Step: 650000. Time Elapsed: 6646.521 s. Mean Reward: -0.075. Std of Reward: 3.057. Training. ELO: 1289.881.
[INFO] Exported results/holdcover-only/URLNPC/URLNPC-649955.onnx
[INFO] URLNPC. Step: 660000. Time Elapsed: 6737.935 s. Mean Reward: 0.406. Std of Reward: 3.156. Training. ELO: 1290.069.
[INFO] URLNPC. Step: 670000. Time Elapsed: 6829.753 s. Mean Reward: 0.676. Std of Reward: 2.920. Training. ELO: 1288.247.
[INFO] URLNPC. Step: 680000. Time Elapsed: 6920.565 s. Mean Reward: 0.100. Std of Reward: 2.924. Training. ELO: 1288.928.
[INFO] URLNPC. Step: 690000. Time Elapsed: 7013.080 s. Mean Reward: 0.690. Std of Reward: 3.205. Training. ELO: 1285.891.
[INFO] URLNPC. Step: 700000. Time Elapsed: 7103.280 s. Mean Reward: 0.531. Std of Reward: 3.045. Training. ELO: 1284.095.
[INFO] Exported results/holdcover-only/URLNPC/URLNPC-699970.onnx
[INFO] URLNPC. Step: 710000. Time Elapsed: 7219.821 s. Mean Reward: 0.054. Std of Reward: 2.483. Training. ELO: 1287.188.
[INFO] URLNPC. Step: 720000. Time Elapsed: 7334.145 s. Mean Reward: 0.278. Std of Reward: 2.544. Training. ELO: 1287.529.
[INFO] URLNPC. Step: 730000. Time Elapsed: 7448.069 s. Mean Reward: 0.692. Std of Reward: 2.776. Training. ELO: 1286.350.
[INFO] URLNPC. Step: 740000. Time Elapsed: 7559.965 s. Mean Reward: 0.898. Std of Reward: 2.668. Training. ELO: 1291.768.
[INFO] URLNPC. Step: 750000. Time Elapsed: 7671.736 s. Mean Reward: 0.570. Std of Reward: 2.884. Training. ELO: 1295.771.
[INFO] Exported results/holdcover-only/URLNPC/URLNPC-749956.onnx
[INFO] URLNPC. Step: 760000. Time Elapsed: 7781.776 s. Mean Reward: 1.099. Std of Reward: 2.784. Training. ELO: 1303.805.
[INFO] URLNPC. Step: 770000. Time Elapsed: 7894.161 s. Mean Reward: 1.107. Std of Reward: 2.751. Training. ELO: 1304.347.
[INFO] URLNPC. Step: 780000. Time Elapsed: 8007.107 s. Mean Reward: 0.680. Std of Reward: 2.988. Training. ELO: 1305.788.
[INFO] URLNPC. Step: 790000. Time Elapsed: 8124.100 s. Mean Reward: 0.266. Std of Reward: 2.656. Training. ELO: 1309.024.
[INFO] URLNPC. Step: 800000. Time Elapsed: 8239.280 s. Mean Reward: -0.071. Std of Reward: 2.577. Training. ELO: 1308.627.
[INFO] Exported results/holdcover-only/URLNPC/URLNPC-799970.onnx
[INFO] URLNPC. Step: 810000. Time Elapsed: 8330.081 s. Mean Reward: -0.040. Std of Reward: 2.971. Training. ELO: 1305.698.
[INFO] URLNPC. Step: 820000. Time Elapsed: 8420.987 s. Mean Reward: 0.577. Std of Reward: 3.181. Training. ELO: 1302.971.
[INFO] URLNPC. Step: 830000. Time Elapsed: 8512.873 s. Mean Reward: 0.247. Std of Reward: 3.013. Training. ELO: 1301.758.
[INFO] URLNPC. Step: 840000. Time Elapsed: 8602.942 s. Mean Reward: -0.001. Std of Reward: 3.068. Training. ELO: 1298.062.
[INFO] URLNPC. Step: 850000. Time Elapsed: 8694.610 s. Mean Reward: 0.346. Std of Reward: 2.844. Training. ELO: 1294.517.
[INFO] Exported results/holdcover-only/URLNPC/URLNPC-849981.onnx
[INFO] URLNPC. Step: 860000. Time Elapsed: 8785.494 s. Mean Reward: 0.242. Std of Reward: 3.035. Training. ELO: 1292.782.
[INFO] URLNPC. Step: 870000. Time Elapsed: 8875.887 s. Mean Reward: 0.022. Std of Reward: 2.930. Training. ELO: 1288.350.
[INFO] URLNPC. Step: 880000. Time Elapsed: 8966.765 s. Mean Reward: 0.118. Std of Reward: 3.176. Training. ELO: 1286.604.
[INFO] URLNPC. Step: 890000. Time Elapsed: 9057.781 s. Mean Reward: 0.757. Std of Reward: 2.972. Training. ELO: 1292.028.
[INFO] URLNPC. Step: 900000. Time Elapsed: 9148.763 s. Mean Reward: 0.001. Std of Reward: 3.163. Training. ELO: 1292.013.
[INFO] Exported results/holdcover-only/URLNPC/URLNPC-899977.onnx
[INFO] URLNPC. Step: 910000. Time Elapsed: 9260.900 s. Mean Reward: 0.418. Std of Reward: 2.947. Training. ELO: 1290.544.
[INFO] URLNPC. Step: 920000. Time Elapsed: 9375.679 s. Mean Reward: 0.778. Std of Reward: 2.667. Training. ELO: 1293.239.
[INFO] URLNPC. Step: 930000. Time Elapsed: 9490.376 s. Mean Reward: 0.602. Std of Reward: 2.830. Training. ELO: 1297.039.
[INFO] URLNPC. Step: 940000. Time Elapsed: 9608.681 s. Mean Reward: 0.835. Std of Reward: 2.779. Training. ELO: 1304.582.
[INFO] URLNPC. Step: 950000. Time Elapsed: 9722.987 s. Mean Reward: 1.023. Std of Reward: 2.723. Training. ELO: 1309.977.
[INFO] Exported results/holdcover-only/URLNPC/URLNPC-949978.onnx
[INFO] URLNPC. Step: 960000. Time Elapsed: 9839.149 s. Mean Reward: 0.151. Std of Reward: 2.798. Training. ELO: 1308.745.
[INFO] URLNPC. Step: 970000. Time Elapsed: 9951.870 s. Mean Reward: 0.495. Std of Reward: 2.736. Training. ELO: 1305.592.
[INFO] URLNPC. Step: 980000. Time Elapsed: 10068.022 s. Mean Reward: 0.601. Std of Reward: 2.790. Training. ELO: 1306.549.
[INFO] URLNPC. Step: 990000. Time Elapsed: 10181.169 s. Mean Reward: 0.518. Std of Reward: 2.801. Training. ELO: 1310.586.
[INFO] URLNPC. Step: 1000000. Time Elapsed: 10298.932 s. Mean Reward: 0.303. Std of Reward: 2.405. Training. ELO: 1307.575.
[INFO] Exported results/holdcover-only/URLNPC/URLNPC-999973.onnx
[INFO] Exported results/holdcover-only/URLNPC/URLNPC-1000028.onnx
[INFO] Copied results/holdcover-only/URLNPC/URLNPC-1000028.onnx to results/holdcover-only/URLNPC.onnx.
