==> mlagents-learn config/URLNPC-selfplay.yaml --run-id=patrol-only --env=/home/damian/repos/URLNPC/Builds/Linux/URLNPC.x86_64 --no-graphics --seed=1234 --env-args -playerDriver agent -runSeed 1234 -trainModes Patrol -heuristicOpponent 0.3

            ┐  ╖
        ╓╖╬│╡  ││╬╖╖
    ╓╖╬│││││┘  ╬│││││╬╖
 ╖╬│││││╬╜        ╙╬│││││╖╖                               ╗╗╗
 ╬╬╬╬╖││╦╖        ╖╬││╗╣╣╣╬      ╟╣╣╬    ╟╣╣╣             ╜╜╜  ╟╣╣
 ╬╬╬╬╬╬╬╬╖│╬╖╖╓╬╪│╓╣╣╣╣╣╣╣╬      ╟╣╣╬    ╟╣╣╣ ╒╣╣╖╗╣╣╣╗   ╣╣╣ ╣╣╣╣╣╣ ╟╣╣╖   ╣╣╣
 ╬╬╬╬┐  ╙╬╬╬╬│╓╣╣╣╝╜  ╫╣╣╣╬      ╟╣╣╬    ╟╣╣╣ ╟╣╣╣╙ ╙╣╣╣  ╣╣╣ ╙╟╣╣╜╙  ╫╣╣  ╟╣╣
 ╬╬╬╬┐     ╙╬╬╣╣      ╫╣╣╣╬      ╟╣╣╬    ╟╣╣╣ ╟╣╣╬   ╣╣╣  ╣╣╣  ╟╣╣     ╣╣╣┌╣╣╜
 ╬╬╬╜       ╬╬╣╣      ╙╝╣╣╬      ╙╣╣╣╗╖╓╗╣╣╣╜ ╟╣╣╬   ╣╣╣  ╣╣╣  ╟╣╣╦╓    ╣╣╣╣╣
 ╙   ╓╦╖    ╬╬╣╣   ╓╗╗╖            ╙╝╣╣╣╣╝╜   ╘╝╝╜   ╝╝╝  ╝╝╝   ╙╣╣╣    ╟╣╣╣
   ╩╬╬╬╬╬╬╦╦╬╬╣╣╗╣╣╣╣╣╣╣╝                                             ╫╣╣╣╣
      ╙╬╬╬╬╬╬╬╣╣╣╣╣╣╝╜
          ╙╬╬╬╣╣╣╜
             ╙
        
 Version information:
  ml-agents: 1.1.0,
  ml-agents-envs: 1.1.0,
  Communicator API: 1.5.0,
  PyTorch: 2.2.1+cu121
[INFO] Connected to Unity environment with package version 3.0.0 and communication version 1.5.0
[INFO] Connected new brain: URLNPC?team=0
[INFO] Connected new brain: URLNPC?team=1
[INFO] Hyperparameters for behavior name URLNPC: 
	trainer_type:	ppo
	hyperparameters:	
	  batch_size:	1024
	  buffer_size:	10240
	  learning_rate:	0.0003
	  beta:	0.005
	  epsilon:	0.2
	  lambd:	0.95
	  num_epoch:	3
	  shared_critic:	False
	  learning_rate_schedule:	linear
	  beta_schedule:	linear
	  epsilon_schedule:	linear
	checkpoint_interval:	50000
	network_settings:	
	  normalize:	False
	  hidden_units:	128
	  num_layers:	2
	  vis_encode_type:	simple
	  memory:	None
	  goal_conditioning_type:	hyper
	  deterministic:	False
	reward_signals:	
	  extrinsic:	
	    gamma:	0.99
	    strength:	1.0
	    network_settings:	
	      normalize:	False
	      hidden_units:	128
	      num_layers:	2
	      vis_encode_type:	simple
	      memory:	None
	      goal_conditioning_type:	hyper
	      deterministic:	False
	init_path:	None
	keep_checkpoints:	5
	even_checkpoints:	False
	max_steps:	1000000
	time_horizon:	64
	summary_freq:	10000
	threaded:	True
	self_play:	
	  save_steps:	20000
	  team_change:	100000
	  swap_steps:	2000
	  window:	10
	  play_against_latest_model_ratio:	0.5
	  initial_elo:	1200.0
	behavioral_cloning:	None
[INFO] URLNPC. Step: 10000. Time Elapsed: 100.667 s. Mean Reward: -2.235. Std of Reward: 1.896. Training. ELO: 1201.288.
[INFO] URLNPC. Step: 20000. Time Elapsed: 210.688 s. Mean Reward: -2.125. Std of Reward: 1.773. Training. ELO: 1202.860.
[INFO] URLNPC. Step: 30000. Time Elapsed: 321.868 s. Mean Reward: -2.015. Std of Reward: 1.974. Training. ELO: 1205.085.
[INFO] URLNPC. Step: 40000. Time Elapsed: 434.023 s. Mean Reward: -1.969. Std of Reward: 1.939. Training. ELO: 1211.780.
[INFO] URLNPC. Step: 50000. Time Elapsed: 544.848 s. Mean Reward: -1.844. Std of Reward: 1.795. Training. ELO: 1221.044.
[INFO] Exported results/patrol-only/URLNPC/URLNPC-49937.onnx
[INFO] URLNPC. Step: 60000. Time Elapsed: 655.717 s. Mean Reward: -1.914. Std of Reward: 1.934. Training. ELO: 1228.990.
[INFO] URLNPC. Step: 70000. Time Elapsed: 771.543 s. Mean Reward: -1.952. Std of Reward: 1.804. Training. ELO: 1236.625.
[INFO] URLNPC. Step: 80000. Time Elapsed: 881.327 s. Mean Reward: -1.949. Std of Reward: 1.964. Training. ELO: 1238.187.
[INFO] URLNPC. Step: 90000. Time Elapsed: 993.998 s. Mean Reward: -2.292. Std of Reward: 1.822. Training. ELO: 1240.130.
[INFO] URLNPC. Step: 100000. Time Elapsed: 1106.330 s. Mean Reward: -1.952. Std of Reward: 1.809. Training. ELO: 1242.621.
[INFO] Exported results/patrol-only/URLNPC/URLNPC-99988.onnx
[INFO] URLNPC. Step: 110000. Time Elapsed: 1196.821 s. Mean Reward: -2.005. Std of Reward: 2.352. Training. ELO: 1247.525.
[INFO] URLNPC. Step: 120000. Time Elapsed: 1287.306 s. Mean Reward: -2.009. Std of Reward: 2.250. Training. ELO: 1248.905.
[INFO] URLNPC. Step: 130000. Time Elapsed: 1377.141 s. Mean Reward: -2.148. Std of Reward: 2.225. Training. ELO: 1248.517.
[INFO] URLNPC. Step: 140000. Time Elapsed: 1469.287 s. Mean Reward: -2.179. Std of Reward: 2.286. Training. ELO: 1248.300.
[INFO] URLNPC. Step: 150000. Time Elapsed: 1558.693 s. Mean Reward: -1.958. Std of Reward: 2.447. Training. ELO: 1245.922.
[INFO] Exported results/patrol-only/URLNPC/URLNPC-149960.onnx
[INFO] URLNPC. Step: 160000. Time Elapsed: 1649.897 s. Mean Reward: -1.991. Std of Reward: 2.297. Training. ELO: 1247.792.
[INFO] URLNPC. Step: 170000. Time Elapsed: 1738.843 s. Mean Reward: -2.348. Std of Reward: 2.178. Training. ELO: 1241.804.
[INFO] URLNPC. Step: 180000. Time Elapsed: 1829.644 s. Mean Reward: -2.028. Std of Reward: 2.300. Training. ELO: 1238.276.
[INFO] URLNPC. Step: 190000. Time Elapsed: 1918.180 s. Mean Reward: -2.046. Std of Reward: 2.274. Training. ELO: 1240.465.
[INFO] URLNPC. Step: 200000. Time Elapsed: 2008.971 s. Mean Reward: -2.124. Std of Reward: 2.327. Training. ELO: 1242.218.
[INFO] Exported results/patrol-only/URLNPC/URLNPC-199973.onnx
[INFO] URLNPC. Step: 210000. Time Elapsed: 2118.483 s. Mean Reward: -2.000. Std of Reward: 1.865. Training. ELO: 1244.347.
[INFO] URLNPC. Step: 220000. Time Elapsed: 2229.813 s. Mean Reward: -2.185. Std of Reward: 1.790. Training. ELO: 1248.236.
[INFO] URLNPC. Step: 230000. Time Elapsed: 2340.430 s. Mean Reward: -1.999. Std of Reward: 1.837. Training. ELO: 1250.433.
[INFO] URLNPC. Step: 240000. Time Elapsed: 2452.317 s. Mean Reward: -2.284. Std of Reward: 1.765. Training. ELO: 1253.978.
[INFO] URLNPC. Step: 250000. Time Elapsed: 2568.396 s. Mean Reward: -2.349. Std of Reward: 1.825. Training. ELO: 1256.269.
[INFO] Exported results/patrol-only/URLNPC/URLNPC-249966.onnx
[INFO] URLNPC. Step: 260000. Time Elapsed: 2679.004 s. Mean Reward: -2.069. Std of Reward: 1.922. Training. ELO: 1255.595.
[INFO] URLNPC. Step: 270000. Time Elapsed: 2792.767 s. Mean Reward: -2.430. Std of Reward: 1.907. Training. ELO: 1251.682.
[INFO] URLNPC. Step: 280000. Time Elapsed: 2903.100 s. Mean Reward: -2.292. Std of Reward: 1.830. Training. ELO: 1251.339.
[INFO] URLNPC. Step: 290000. Time Elapsed: 3015.489 s. Mean Reward: -2.304. Std of Reward: 1.739. Training. ELO: 1253.236.
[INFO] URLNPC. Step: 300000. Time Elapsed: 3125.622 s. Mean Reward: -1.863. Std of Reward: 1.920. Training. ELO: 1253.379.
[INFO] Exported results/patrol-only/URLNPC/URLNPC-299975.onnx
[INFO] URLNPC. Step: 310000. Time Elapsed: 3215.559 s. Mean Reward: -2.236. Std of Reward: 2.115. Training. ELO: 1255.116.
[INFO] URLNPC. Step: 320000. Time Elapsed: 3306.093 s. Mean Reward: -2.063. Std of Reward: 2.259. Training. ELO: 1252.611.
[INFO] URLNPC. Step: 330000. Time Elapsed: 3396.084 s. Mean Reward: -1.852. Std of Reward: 2.210. Training. ELO: 1252.848.
[INFO] URLNPC. Step: 340000. Time Elapsed: 3486.989 s. Mean Reward: -2.088. Std of Reward: 2.261. Training. ELO: 1253.336.
[INFO] URLNPC. Step: 350000. Time Elapsed: 3577.788 s. Mean Reward: -2.000. Std of Reward: 2.289. Training. ELO: 1250.283.
[INFO] Exported results/patrol-only/URLNPC/URLNPC-349985.onnx
[INFO] URLNPC. Step: 360000. Time Elapsed: 3671.414 s. Mean Reward: -2.107. Std of Reward: 2.229. Training. ELO: 1250.906.
[INFO] URLNPC. Step: 370000. Time Elapsed: 3761.243 s. Mean Reward: -2.090. Std of Reward: 2.239. Training. ELO: 1247.104.
[INFO] URLNPC. Step: 380000. Time Elapsed: 3850.848 s. Mean Reward: -2.447. Std of Reward: 2.154. Training. ELO: 1237.646.
[INFO] URLNPC. Step: 390000. Time Elapsed: 3942.040 s. Mean Reward: -2.278. Std of Reward: 2.101. Training. ELO: 1234.496.
[INFO] URLNPC. Step: 400000. Time Elapsed: 4032.342 s. Mean Reward: -1.974. Std of Reward: 2.366. Training. ELO: 1235.027.
[INFO] Exported results/patrol-only/URLNPC/URLNPC-399956.onnx
[INFO] URLNPC. Step: 410000. Time Elapsed: 4148.046 s. Mean Reward: -2.274. Std of Reward: 1.921. Training. ELO: 1233.558.
[INFO] URLNPC. Step: 420000. Time Elapsed: 4258.497 s. Mean Reward: -2.051. Std of Reward: 2.008. Training. ELO: 1232.692.
[INFO] URLNPC. Step: 430000. Time Elapsed: 4369.855 s. Mean Reward: -2.016. Std of Reward: 1.942. Training. ELO: 1233.925.
[INFO] URLNPC. Step: 440000. Time Elapsed: 4483.834 s. Mean Reward: -2.379. Std of Reward: 1.886. Training. ELO: 1236.195.
[INFO] URLNPC. Step: 450000. Time Elapsed: 4596.818 s. Mean Reward: -2.451. Std of Reward: 1.961. Training. ELO: 1229.593.
[INFO] Exported results/patrol-only/URLNPC/URLNPC-449984.onnx
[INFO] URLNPC. Step: 460000. Time Elapsed: 4709.473 s. Mean Reward: -2.026. Std of Reward: 1.865. Training. ELO: 1228.175.
[INFO] URLNPC. Step: 470000. Time Elapsed: 4822.999 s. Mean Reward: -1.912. Std of Reward: 1.861. Training. ELO: 1236.827.
[INFO] URLNPC. Step: 480000. Time Elapsed: 4938.017 s. Mean Reward: -1.953. Std of Reward: 1.772. Training. ELO: 1242.928.
[INFO] URLNPC. Step: 490000. Time Elapsed: 5051.805 s. Mean Reward: -2.279. Std of Reward: 1.911. Training. ELO: 1249.256.
[INFO] URLNPC. Step: 500000. Time Elapsed: 5166.887 s. Mean Reward: -1.949. Std of Reward: 1.988. Training. ELO: 1248.900.
[INFO] Exported results/patrol-only/URLNPC/URLNPC-499967.onnx
[INFO] URLNPC. Step: 510000. Time Elapsed: 5273.414 s. Mean Reward: -1.803. Std of Reward: 2.382. Training. ELO: 1249.337.
[INFO] URLNPC. Step: 520000. Time Elapsed: 5398.312 s. Mean Reward: -2.158. Std of Reward: 2.328. Training. ELO: 1247.418.
[INFO] URLNPC. Step: 530000. Time Elapsed: 5522.154 s. Mean Reward: -2.097. Std of Reward: 2.172. Training. ELO: 1247.078.
[INFO] URLNPC. Step: 540000. Time Elapsed: 5619.382 s. Mean Reward: -2.079. Std of Reward: 2.155. Training. ELO: 1247.958.
[INFO] URLNPC. Step: 550000. Time Elapsed: 5713.954 s. Mean Reward: -2.318. Std of Reward: 2.131. Training. ELO: 1244.389.
[INFO] Exported results/patrol-only/URLNPC/URLNPC-549965.onnx
[INFO] URLNPC. Step: 560000. Time Elapsed: 5804.173 s. Mean Reward: -2.197. Std of Reward: 2.188. Training. ELO: 1240.322.
[INFO] URLNPC. Step: 570000. Time Elapsed: 5893.224 s. Mean Reward: -2.093. Std of Reward: 2.271. Training. ELO: 1245.932.
[INFO] URLNPC. Step: 580000. Time Elapsed: 5974.957 s. Mean Reward: -2.276. Std of Reward: 2.205. Training. ELO: 1243.380.
[INFO] URLNPC. Step: 590000. Time Elapsed: 6057.524 s. Mean Reward: -2.071. Std of Reward: 2.264. Training. ELO: 1242.398.
[INFO] URLNPC. Step: 600000. Time Elapsed: 6138.895 s. Mean Reward: -2.094. Std of Reward: 2.231. Training. ELO: 1240.081.
[INFO] Exported results/patrol-only/URLNPC/URLNPC-599949.onnx
[INFO] URLNPC. Step: 610000. Time Elapsed: 6244.919 s. Mean Reward: -2.368. Std of Reward: 1.823. Training. ELO: 1239.949.
[INFO] URLNPC. Step: 620000. Time Elapsed: 6347.932 s. Mean Reward: -2.528. Std of Reward: 1.785. Training. ELO: 1237.691.
[INFO] URLNPC. Step: 630000. Time Elapsed: 6459.143 s. Mean Reward: -2.183. Std of Reward: 1.745. Training. ELO: 1235.807.
[INFO] URLNPC. Step: 640000. Time Elapsed: 6563.786 s. Mean Reward: -2.247. Std of Reward: 1.899. Training. ELO: 1239.171.
[INFO] URLNPC. Step: 650000. Time Elapsed: 6675.246 s. Mean Reward: -2.264. Std of Reward: 1.918. Training. ELO: 1242.384.
[INFO] Exported results/patrol-only/URLNPC/URLNPC-649945.onnx
[INFO] URLNPC. Step: 660000. Time Elapsed: 6781.067 s. Mean Reward: -2.255. Std of Reward: 1.869. Training. ELO: 1243.456.
[INFO] URLNPC. Step: 670000. Time Elapsed: 6886.819 s. Mean Reward: -2.241. Std of Reward: 1.866. Training. ELO: 1247.712.
[INFO] URLNPC. Step: 680000. Time Elapsed: 6988.445 s. Mean Reward: -2.258. Std of Reward: 1.865. Training. ELO: 1251.236.
[INFO] URLNPC. Step: 690000. Time Elapsed: 7091.876 s. Mean Reward: -2.293. Std of Reward: 1.662. Training. ELO: 1252.834.
[INFO] URLNPC. Step: 700000. Time Elapsed: 7195.841 s. Mean Reward: -2.150. Std of Reward: 1.996. Training. ELO: 1260.833.
[INFO] Exported results/patrol-only/URLNPC/URLNPC-699979.onnx
[INFO] URLNPC. Step: 710000. Time Elapsed: 7279.137 s. Mean Reward: -2.200. Std of Reward: 2.238. Training. ELO: 1260.934.
[INFO] URLNPC. Step: 720000. Time Elapsed: 7359.916 s. Mean Reward: -1.921. Std of Reward: 2.315. Training. ELO: 1262.410.
[INFO] URLNPC. Step: 730000. Time Elapsed: 7441.620 s. Mean Reward: -2.125. Std of Reward: 2.154. Training. ELO: 1263.220.
[INFO] URLNPC. Step: 740000. Time Elapsed: 7523.808 s. Mean Reward: -2.118. Std of Reward: 2.102. Training. ELO: 1263.062.
[INFO] URLNPC. Step: 750000. Time Elapsed: 7605.345 s. Mean Reward: -1.851. Std of Reward: 2.314. Training. ELO: 1263.248.
[INFO] Exported results/patrol-only/URLNPC/URLNPC-749976.onnx
[INFO] URLNPC. Step: 760000. Time Elapsed: 7686.814 s. Mean Reward: -1.972. Std of Reward: 2.246. Training. ELO: 1261.455.
[INFO] URLNPC. Step: 770000. Time Elapsed: 7766.142 s. Mean Reward: -2.142. Std of Reward: 2.240. Training. ELO: 1261.197.
[INFO] URLNPC. Step: 780000. Time Elapsed: 7846.254 s. Mean Reward: -2.158. Std of Reward: 2.311. Training. ELO: 1256.106.
[INFO] URLNPC. Step: 790000. Time Elapsed: 7928.702 s. Mean Reward: -2.043. Std of Reward: 2.404. Training. ELO: 1252.090.
[INFO] URLNPC. Step: 800000. Time Elapsed: 8009.693 s. Mean Reward: -2.042. Std of Reward: 2.312. Training. ELO: 1250.897.
[INFO] Exported results/patrol-only/URLNPC/URLNPC-799973.onnx
[INFO] URLNPC. Step: 810000. Time Elapsed: 8116.288 s. Mean Reward: -2.080. Std of Reward: 1.907. Training. ELO: 1253.474.
[INFO] URLNPC. Step: 820000. Time Elapsed: 8218.400 s. Mean Reward: -2.362. Std of Reward: 1.894. Training. ELO: 1255.538.
[INFO] URLNPC. Step: 830000. Time Elapsed: 8327.582 s. Mean Reward: -2.260. Std of Reward: 1.880. Training. ELO: 1253.570.
[INFO] URLNPC. Step: 840000. Time Elapsed: 8432.824 s. Mean Reward: -1.960. Std of Reward: 1.964. Training. ELO: 1254.441.
[INFO] URLNPC. Step: 850000. Time Elapsed: 8540.448 s. Mean Reward: -2.099. Std of Reward: 1.902. Training. ELO: 1259.466.
[INFO] Exported results/patrol-only/URLNPC/URLNPC-849988.onnx
[INFO] URLNPC. Step: 860000. Time Elapsed: 8645.056 s. Mean Reward: -2.406. Std of Reward: 1.808. Training. ELO: 1260.837.
[INFO] URLNPC. Step: 870000. Time Elapsed: 8749.485 s. Mean Reward: -2.407. Std of Reward: 1.974. Training. ELO: 1261.306.
[INFO] URLNPC. Step: 880000. Time Elapsed: 8853.320 s. Mean Reward: -2.145. Std of Reward: 1.920. Training. ELO: 1261.324.
[INFO] URLNPC. Step: 890000. Time Elapsed: 8961.447 s. Mean Reward: -2.339. Std of Reward: 1.819. Training. ELO: 1262.676.
[INFO] URLNPC. Step: 900000. Time Elapsed: 9065.788 s. Mean Reward: -1.902. Std of Reward: 1.925. Training. ELO: 1265.979.
[INFO] Exported results/patrol-only/URLNPC/URLNPC-899991.onnx
[INFO] URLNPC. Step: 910000. Time Elapsed: 9145.870 s. Mean Reward: -2.051. Std of Reward: 2.165. Training. ELO: 1269.980.
[INFO] URLNPC. Step: 920000. Time Elapsed: 9225.991 s. Mean Reward: -2.045. Std of Reward: 2.252. Training. ELO: 1271.112.
[INFO] URLNPC. Step: 930000. Time Elapsed: 9308.027 s. Mean Reward: -2.237. Std of Reward: 2.169. Training. ELO: 1272.608.
[INFO] URLNPC. Step: 940000. Time Elapsed: 9389.447 s. Mean Reward: -2.188. Std of Reward: 2.261. Training. ELO: 1264.392.
[INFO] URLNPC. Step: 950000. Time Elapsed: 9470.220 s. Mean Reward: -2.093. Std of Reward: 2.207. Training. ELO: 1262.540.
[INFO] Exported results/patrol-only/URLNPC/URLNPC-949999.onnx
[INFO] URLNPC. Step: 960000. Time Elapsed: 9553.278 s. Mean Reward: -2.086. Std of Reward: 2.249. Training. ELO: 1261.005.
[INFO] URLNPC. Step: 970000. Time Elapsed: 9633.989 s. Mean Reward: -2.083. Std of Reward: 2.169. Training. ELO: 1261.377.
[INFO] URLNPC. Step: 980000. Time Elapsed: 9714.633 s. Mean Reward: -2.178. Std of Reward: 2.222. Training. ELO: 1257.350.
[INFO] URLNPC. Step: 990000. Time Elapsed: 9796.621 s. Mean Reward: -2.241. Std of Reward: 2.172. Training. ELO: 1256.992.
[INFO] URLNPC. Step: 1000000. Time Elapsed: 9877.511 s. Mean Reward: -1.930. Std of Reward: 2.222. Training. ELO: 1258.010.
[INFO] Exported results/patrol-only/URLNPC/URLNPC-999947.onnx
[INFO] Exported results/patrol-only/URLNPC/URLNPC-1000012.onnx
[INFO] Copied results/patrol-only/URLNPC/URLNPC-1000012.onnx to results/patrol-only/URLNPC.onnx.
