==> mlagents-learn config/URLNPC-selfplay.yaml --run-id=full-masked-seed-1001 --env=/home/damian/repos/URLNPC/Builds/Linux/URLNPC.x86_64 --no-graphics --seed=1001 --env-args -playerDriver agent -runSeed 1001 -heuristicOpponent 0.3

            ┐  ╖
        ╓╖╬│╡  ││╬╖╖
    ╓╖╬│││││┘  ╬│││││╬╖
 ╖╬│││││╬╜        ╙╬│││││╖╖                               ╗╗╗
 ╬╬╬╬╖││╦╖        ╖╬││╗╣╣╣╬      ╟╣╣╬    ╟╣╣╣             ╜╜╜  ╟╣╣
 ╬╬╬╬╬╬╬╬╖│╬╖╖╓╬╪│╓╣╣╣╣╣╣╣╬      ╟╣╣╬    ╟╣╣╣ ╒╣╣╖╗╣╣╣╗   ╣╣╣ ╣╣╣╣╣╣ ╟╣╣╖   ╣╣╣
 ╬╬╬╬┐  ╙╬╬╬╬│╓╣╣╣╝╜  ╫╣╣╣╬      ╟╣╣╬    ╟╣╣╣ ╟╣╣╣╙ ╙╣╣╣  ╣╣╣ ╙╟╣╣╜╙  ╫╣╣  ╟╣╣
 ╬╬╬╬┐     ╙╬╬╣╣      ╫╣╣╣╬      ╟╣╣╬    ╟╣╣╣ ╟╣╣╬   ╣╣╣  ╣╣╣  ╟╣╣     ╣╣╣┌╣╣╜
 ╬╬╬╜       ╬╬╣╣      ╙╝╣╣╬      ╙╣╣╣╗╖╓╗╣╣╣╜ ╟╣╣╬   ╣╣╣  ╣╣╣  ╟╣╣╦╓    ╣╣╣╣╣
 ╙   ╓╦╖    ╬╬╣╣   ╓╗╗╖            ╙╝╣╣╣╣╝╜   ╘╝╝╜   ╝╝╝  ╝╝╝   ╙╣╣╣    ╟╣╣╣
   ╩╬╬╬╬╬╬╦╦╬╬╣╣╗╣╣╣╣╣╣╣╝                                             ╫╣╣╣╣
      ╙╬╬╬╬╬╬╬╣╣╣╣╣╣╝╜
          ╙╬╬╬╣╣╣╜
             ╙
        
 Version information:
  ml-agents: 1.1.0,
  ml-agents-envs: 1.1.0,
  Communicator API: 1.5.0,
  PyTorch: 2.2.1+cu121
[INFO] Connected to Unity environment with package version 3.0.0 and communication version 1.5.0
[INFO] Connected new brain: URLNPC?team=0
[INFO] Connected new brain: URLNPC?team=1
[INFO] Hyperparameters for behavior name URLNPC: 
	trainer_type:	ppo
	hyperparameters:	
	  batch_size:	1024
	  buffer_size:	10240
	  learning_rate:	0.0003
	  beta:	0.005
	  epsilon:	0.2
	  lambd:	0.95
	  num_epoch:	3
	  shared_critic:	False
	  learning_rate_schedule:	linear
	  beta_schedule:	linear
	  epsilon_schedule:	linear
	checkpoint_interval:	50000
	network_settings:	
	  normalize:	False
	  hidden_units:	128
	  num_layers:	2
	  vis_encode_type:	simple
	  memory:	None
	  goal_conditioning_type:	hyper
	  deterministic:	False
	reward_signals:	
	  extrinsic:	
	    gamma:	0.99
	    strength:	1.0
	    network_settings:	
	      normalize:	False
	      hidden_units:	128
	      num_layers:	2
	      vis_encode_type:	simple
	      memory:	None
	      goal_conditioning_type:	hyper
	      deterministic:	False
	init_path:	None
	keep_checkpoints:	5
	even_checkpoints:	False
	max_steps:	1000000
	time_horizon:	64
	summary_freq:	10000
	threaded:	True
	self_play:	
	  save_steps:	20000
	  team_change:	100000
	  swap_steps:	2000
	  window:	10
	  play_against_latest_model_ratio:	0.5
	  initial_elo:	1200.0
	behavioral_cloning:	None
[INFO] URLNPC. Step: 10000. Time Elapsed: 102.846 s. Mean Reward: 9.568. Std of Reward: 13.614. Training. ELO: 1197.247.
[INFO] URLNPC. Step: 20000. Time Elapsed: 211.689 s. Mean Reward: 17.907. Std of Reward: 12.715. Training. ELO: 1194.143.
[INFO] URLNPC. Step: 30000. Time Elapsed: 320.480 s. Mean Reward: 11.134. Std of Reward: 12.248. Training. ELO: 1194.391.
[INFO] URLNPC. Step: 40000. Time Elapsed: 441.231 s. Mean Reward: 8.542. Std of Reward: 13.067. Training. ELO: 1193.643.
[INFO] URLNPC. Step: 50000. Time Elapsed: 552.960 s. Mean Reward: 8.643. Std of Reward: 14.372. Training. ELO: 1192.163.
[INFO] Exported results/full-masked-seed-1001/URLNPC/URLNPC-49968.onnx
[INFO] URLNPC. Step: 60000. Time Elapsed: 669.449 s. Mean Reward: 10.054. Std of Reward: 13.508. Training. ELO: 1190.808.
[INFO] URLNPC. Step: 70000. Time Elapsed: 784.070 s. Mean Reward: 14.918. Std of Reward: 14.268. Training. ELO: 1188.435.
[INFO] URLNPC. Step: 80000. Time Elapsed: 906.584 s. Mean Reward: 6.931. Std of Reward: 8.291. Training. ELO: 1187.763.
[INFO] URLNPC. Step: 90000. Time Elapsed: 1024.646 s. Mean Reward: 9.210. Std of Reward: 10.093. Training. ELO: 1187.293.
[INFO] URLNPC. Step: 100000. Time Elapsed: 1132.275 s. Mean Reward: 14.744. Std of Reward: 15.444. Training. ELO: 1186.485.
[INFO] Exported results/full-masked-seed-1001/URLNPC/URLNPC-99989.onnx
[INFO] URLNPC. Step: 110000. Time Elapsed: 1220.311 s. Mean Reward: 9.878. Std of Reward: 13.457. Training. ELO: 1184.381.
[INFO] URLNPC. Step: 120000. Time Elapsed: 1308.936 s. Mean Reward: 7.819. Std of Reward: 9.417. Training. ELO: 1180.573.
[INFO] URLNPC. Step: 130000. Time Elapsed: 1398.241 s. Mean Reward: 8.365. Std of Reward: 11.646. Training. ELO: 1175.742.
[INFO] URLNPC. Step: 140000. Time Elapsed: 1487.063 s. Mean Reward: 8.878. Std of Reward: 11.487. Training. ELO: 1173.240.
[INFO] URLNPC. Step: 150000. Time Elapsed: 1574.342 s. Mean Reward: 10.592. Std of Reward: 14.535. Training. ELO: 1172.996.
[INFO] Exported results/full-masked-seed-1001/URLNPC/URLNPC-149946.onnx
[INFO] URLNPC. Step: 160000. Time Elapsed: 1660.847 s. Mean Reward: 8.330. Std of Reward: 12.812. Training. ELO: 1173.426.
[INFO] URLNPC. Step: 170000. Time Elapsed: 1749.813 s. Mean Reward: 12.435. Std of Reward: 17.295. Training. ELO: 1172.345.
[INFO] URLNPC. Step: 180000. Time Elapsed: 1835.062 s. Mean Reward: 6.740. Std of Reward: 11.011. Training. ELO: 1170.098.
[INFO] URLNPC. Step: 190000. Time Elapsed: 1913.280 s. Mean Reward: 7.098. Std of Reward: 11.556. Training. ELO: 1165.777.
[INFO] URLNPC. Step: 200000. Time Elapsed: 1991.539 s. Mean Reward: 9.625. Std of Reward: 12.120. Training. ELO: 1164.010.
[INFO] Exported results/full-masked-seed-1001/URLNPC/URLNPC-199983.onnx
[INFO] URLNPC. Step: 210000. Time Elapsed: 2093.569 s. Mean Reward: 10.288. Std of Reward: 9.176. Training. ELO: 1166.385.
[INFO] URLNPC. Step: 220000. Time Elapsed: 2186.007 s. Mean Reward: 15.560. Std of Reward: 18.245. Training. ELO: 1165.967.
[INFO] URLNPC. Step: 230000. Time Elapsed: 2285.145 s. Mean Reward: 14.416. Std of Reward: 13.635. Training. ELO: 1164.734.
[INFO] URLNPC. Step: 240000. Time Elapsed: 2384.153 s. Mean Reward: 13.588. Std of Reward: 10.831. Training. ELO: 1163.063.
[INFO] URLNPC. Step: 250000. Time Elapsed: 2495.903 s. Mean Reward: 13.604. Std of Reward: 19.010. Training. ELO: 1162.945.
[INFO] Exported results/full-masked-seed-1001/URLNPC/URLNPC-249989.onnx
[INFO] URLNPC. Step: 260000. Time Elapsed: 2591.753 s. Mean Reward: 12.858. Std of Reward: 12.849. Training. ELO: 1163.305.
[INFO] URLNPC. Step: 270000. Time Elapsed: 2684.786 s. Mean Reward: 17.029. Std of Reward: 16.884. Training. ELO: 1162.485.
[INFO] URLNPC. Step: 280000. Time Elapsed: 2783.828 s. Mean Reward: 18.041. Std of Reward: 18.476. Training. ELO: 1163.115.
[INFO] URLNPC. Step: 290000. Time Elapsed: 2883.585 s. Mean Reward: 12.436. Std of Reward: 13.388. Training. ELO: 1162.017.
[INFO] URLNPC. Step: 300000. Time Elapsed: 2979.412 s. Mean Reward: 19.447. Std of Reward: 16.488. Training. ELO: 1160.709.
[INFO] Exported results/full-masked-seed-1001/URLNPC/URLNPC-299970.onnx
[INFO] URLNPC. Step: 310000. Time Elapsed: 3056.690 s. Mean Reward: 18.308. Std of Reward: 17.215. Training. ELO: 1158.901.
[INFO] URLNPC. Step: 320000. Time Elapsed: 3133.496 s. Mean Reward: 16.838. Std of Reward: 15.158. Training. ELO: 1157.067.
[INFO] URLNPC. Step: 330000. Time Elapsed: 3212.082 s. Mean Reward: 7.518. Std of Reward: 10.877. Training. ELO: 1155.622.
[INFO] URLNPC. Step: 340000. Time Elapsed: 3290.509 s. Mean Reward: 15.875. Std of Reward: 14.329. Training. ELO: 1153.737.
[INFO] URLNPC. Step: 350000. Time Elapsed: 3369.872 s. Mean Reward: 10.641. Std of Reward: 14.512. Training. ELO: 1153.435.
[INFO] Exported results/full-masked-seed-1001/URLNPC/URLNPC-349990.onnx
[INFO] URLNPC. Step: 360000. Time Elapsed: 3450.733 s. Mean Reward: 11.372. Std of Reward: 13.351. Training. ELO: 1151.716.
[INFO] URLNPC. Step: 370000. Time Elapsed: 3531.307 s. Mean Reward: 6.979. Std of Reward: 11.385. Training. ELO: 1149.065.
[INFO] URLNPC. Step: 380000. Time Elapsed: 3608.548 s. Mean Reward: 10.098. Std of Reward: 11.688. Training. ELO: 1147.996.
[INFO] URLNPC. Step: 390000. Time Elapsed: 3686.914 s. Mean Reward: 13.766. Std of Reward: 16.223. Training. ELO: 1146.432.
[INFO] URLNPC. Step: 400000. Time Elapsed: 3764.932 s. Mean Reward: 15.026. Std of Reward: 15.787. Training. ELO: 1144.397.
[INFO] Exported results/full-masked-seed-1001/URLNPC/URLNPC-399958.onnx
[INFO] URLNPC. Step: 410000. Time Elapsed: 3859.134 s. Mean Reward: 12.711. Std of Reward: 14.303. Training. ELO: 1143.587.
[INFO] URLNPC. Step: 420000. Time Elapsed: 3949.534 s. Mean Reward: 17.109. Std of Reward: 14.261. Training. ELO: 1141.399.
[INFO] URLNPC. Step: 430000. Time Elapsed: 4041.114 s. Mean Reward: 22.103. Std of Reward: 12.850. Training. ELO: 1140.771.
[INFO] URLNPC. Step: 440000. Time Elapsed: 4135.682 s. Mean Reward: 30.480. Std of Reward: 22.249. Training. ELO: 1142.225.
[INFO] URLNPC. Step: 450000. Time Elapsed: 4233.079 s. Mean Reward: 12.583. Std of Reward: 17.235. Training. ELO: 1141.784.
[INFO] Exported results/full-masked-seed-1001/URLNPC/URLNPC-449941.onnx
[INFO] URLNPC. Step: 460000. Time Elapsed: 4320.655 s. Mean Reward: 19.253. Std of Reward: 19.292. Training. ELO: 1139.716.
[INFO] URLNPC. Step: 470000. Time Elapsed: 4414.259 s. Mean Reward: 18.949. Std of Reward: 12.156. Training. ELO: 1139.282.
[INFO] URLNPC. Step: 480000. Time Elapsed: 4510.589 s. Mean Reward: 15.589. Std of Reward: 16.340. Training. ELO: 1138.977.
[INFO] URLNPC. Step: 490000. Time Elapsed: 4605.362 s. Mean Reward: 17.075. Std of Reward: 19.961. Training. ELO: 1138.067.
[INFO] URLNPC. Step: 500000. Time Elapsed: 4704.832 s. Mean Reward: 17.603. Std of Reward: 12.313. Training. ELO: 1138.025.
[INFO] Exported results/full-masked-seed-1001/URLNPC/URLNPC-499955.onnx
[INFO] URLNPC. Step: 510000. Time Elapsed: 4795.843 s. Mean Reward: 11.742. Std of Reward: 20.470. Training. ELO: 1137.079.
[INFO] URLNPC. Step: 520000. Time Elapsed: 4880.328 s. Mean Reward: 18.464. Std of Reward: 14.969. Training. ELO: 1135.109.
[INFO] URLNPC. Step: 530000. Time Elapsed: 4965.608 s. Mean Reward: 15.272. Std of Reward: 19.265. Training. ELO: 1134.749.
[INFO] URLNPC. Step: 540000. Time Elapsed: 5051.154 s. Mean Reward: 13.582. Std of Reward: 18.003. Training. ELO: 1133.988.
[INFO] URLNPC. Step: 550000. Time Elapsed: 5135.454 s. Mean Reward: 18.360. Std of Reward: 15.844. Training. ELO: 1133.913.
[INFO] Exported results/full-masked-seed-1001/URLNPC/URLNPC-549959.onnx
[INFO] URLNPC. Step: 560000. Time Elapsed: 5219.174 s. Mean Reward: 14.055. Std of Reward: 19.248. Training. ELO: 1132.055.
[INFO] URLNPC. Step: 570000. Time Elapsed: 5305.920 s. Mean Reward: 11.179. Std of Reward: 17.151. Training. ELO: 1129.754.
[INFO] URLNPC. Step: 580000. Time Elapsed: 5389.650 s. Mean Reward: 19.142. Std of Reward: 18.964. Training. ELO: 1127.904.
[INFO] URLNPC. Step: 590000. Time Elapsed: 5470.726 s. Mean Reward: 15.476. Std of Reward: 13.412. Training. ELO: 1127.228.
[INFO] URLNPC. Step: 600000. Time Elapsed: 5555.793 s. Mean Reward: 10.132. Std of Reward: 11.185. Training. ELO: 1125.268.
[INFO] Exported results/full-masked-seed-1001/URLNPC/URLNPC-599962.onnx
[INFO] URLNPC. Step: 610000. Time Elapsed: 5665.264 s. Mean Reward: 16.560. Std of Reward: 15.928. Training. ELO: 1124.448.
[INFO] URLNPC. Step: 620000. Time Elapsed: 5765.711 s. Mean Reward: 17.079. Std of Reward: 15.307. Training. ELO: 1125.930.
[INFO] URLNPC. Step: 630000. Time Elapsed: 5874.259 s. Mean Reward: 15.752. Std of Reward: 15.705. Training. ELO: 1127.275.
[INFO] URLNPC. Step: 640000. Time Elapsed: 5979.296 s. Mean Reward: 15.185. Std of Reward: 15.171. Training. ELO: 1128.578.
[INFO] URLNPC. Step: 650000. Time Elapsed: 6079.768 s. Mean Reward: 16.430. Std of Reward: 17.861. Training. ELO: 1129.937.
[INFO] Exported results/full-masked-seed-1001/URLNPC/URLNPC-649961.onnx
[INFO] URLNPC. Step: 660000. Time Elapsed: 6174.608 s. Mean Reward: 20.568. Std of Reward: 13.066. Training. ELO: 1129.296.
[INFO] URLNPC. Step: 670000. Time Elapsed: 6287.708 s. Mean Reward: 12.517. Std of Reward: 12.582. Training. ELO: 1128.858.
[INFO] URLNPC. Step: 680000. Time Elapsed: 6400.205 s. Mean Reward: 15.975. Std of Reward: 19.699. Training. ELO: 1128.531.
[INFO] URLNPC. Step: 690000. Time Elapsed: 6506.165 s. Mean Reward: 13.115. Std of Reward: 13.078. Training. ELO: 1126.034.
[INFO] URLNPC. Step: 700000. Time Elapsed: 6611.003 s. Mean Reward: 24.395. Std of Reward: 16.794. Training. ELO: 1123.968.
[INFO] Exported results/full-masked-seed-1001/URLNPC/URLNPC-699985.onnx
[INFO] URLNPC. Step: 710000. Time Elapsed: 6692.746 s. Mean Reward: 12.894. Std of Reward: 12.657. Training. ELO: 1122.269.
[INFO] URLNPC. Step: 720000. Time Elapsed: 6777.696 s. Mean Reward: 12.942. Std of Reward: 15.963. Training. ELO: 1120.200.
[INFO] URLNPC. Step: 730000. Time Elapsed: 6862.504 s. Mean Reward: 8.250. Std of Reward: 7.607. Training. ELO: 1119.570.
[INFO] URLNPC. Step: 740000. Time Elapsed: 6946.930 s. Mean Reward: 10.663. Std of Reward: 15.592. Training. ELO: 1119.906.
[INFO] URLNPC. Step: 750000. Time Elapsed: 7030.688 s. Mean Reward: 11.648. Std of Reward: 15.209. Training. ELO: 1116.666.
[INFO] Exported results/full-masked-seed-1001/URLNPC/URLNPC-749960.onnx
[INFO] URLNPC. Step: 760000. Time Elapsed: 7115.415 s. Mean Reward: 14.539. Std of Reward: 13.479. Training. ELO: 1115.601.
[INFO] URLNPC. Step: 770000. Time Elapsed: 7199.580 s. Mean Reward: 9.559. Std of Reward: 10.362. Training. ELO: 1112.327.
[INFO] URLNPC. Step: 780000. Time Elapsed: 7283.506 s. Mean Reward: 17.482. Std of Reward: 19.217. Training. ELO: 1108.446.
[INFO] URLNPC. Step: 790000. Time Elapsed: 7365.120 s. Mean Reward: 18.807. Std of Reward: 17.634. Training. ELO: 1107.582.
[INFO] URLNPC. Step: 800000. Time Elapsed: 7450.654 s. Mean Reward: 11.207. Std of Reward: 13.881. Training. ELO: 1107.526.
[INFO] Exported results/full-masked-seed-1001/URLNPC/URLNPC-799938.onnx
[INFO] URLNPC. Step: 810000. Time Elapsed: 7556.089 s. Mean Reward: 12.581. Std of Reward: 14.308. Training. ELO: 1106.512.
[INFO] URLNPC. Step: 820000. Time Elapsed: 7662.470 s. Mean Reward: 15.572. Std of Reward: 11.225. Training. ELO: 1106.597.
[INFO] URLNPC. Step: 830000. Time Elapsed: 7763.166 s. Mean Reward: 17.178. Std of Reward: 14.939. Training. ELO: 1107.092.
[INFO] URLNPC. Step: 840000. Time Elapsed: 7867.399 s. Mean Reward: 17.342. Std of Reward: 10.215. Training. ELO: 1108.137.
[INFO] URLNPC. Step: 850000. Time Elapsed: 7969.638 s. Mean Reward: 23.749. Std of Reward: 13.348. Training. ELO: 1108.880.
[INFO] Exported results/full-masked-seed-1001/URLNPC/URLNPC-849949.onnx
[INFO] URLNPC. Step: 860000. Time Elapsed: 8079.433 s. Mean Reward: 15.922. Std of Reward: 16.636. Training. ELO: 1109.211.
[INFO] URLNPC. Step: 870000. Time Elapsed: 8180.487 s. Mean Reward: 15.549. Std of Reward: 14.977. Training. ELO: 1107.609.
[INFO] URLNPC. Step: 880000. Time Elapsed: 8293.557 s. Mean Reward: 17.289. Std of Reward: 20.677. Training. ELO: 1104.227.
[INFO] URLNPC. Step: 890000. Time Elapsed: 8391.626 s. Mean Reward: 23.284. Std of Reward: 19.500. Training. ELO: 1102.761.
[INFO] URLNPC. Step: 900000. Time Elapsed: 8490.559 s. Mean Reward: 14.299. Std of Reward: 13.677. Training. ELO: 1101.223.
[INFO] Exported results/full-masked-seed-1001/URLNPC/URLNPC-899998.onnx
[INFO] URLNPC. Step: 910000. Time Elapsed: 8581.502 s. Mean Reward: 8.749. Std of Reward: 12.944. Training. ELO: 1100.217.
[INFO] URLNPC. Step: 920000. Time Elapsed: 8677.566 s. Mean Reward: 14.485. Std of Reward: 17.975. Training. ELO: 1099.662.
[INFO] URLNPC. Step: 930000. Time Elapsed: 8770.971 s. Mean Reward: 15.567. Std of Reward: 18.871. Training. ELO: 1099.064.
[INFO] URLNPC. Step: 940000. Time Elapsed: 8859.855 s. Mean Reward: 14.482. Std of Reward: 16.022. Training. ELO: 1096.733.
[INFO] URLNPC. Step: 950000. Time Elapsed: 8952.596 s. Mean Reward: 11.048. Std of Reward: 15.664. Training. ELO: 1095.418.
[INFO] Exported results/full-masked-seed-1001/URLNPC/URLNPC-949974.onnx
[INFO] URLNPC. Step: 960000. Time Elapsed: 9047.708 s. Mean Reward: 15.805. Std of Reward: 15.103. Training. ELO: 1095.008.
[INFO] URLNPC. Step: 970000. Time Elapsed: 9150.202 s. Mean Reward: 10.743. Std of Reward: 15.426. Training. ELO: 1094.765.
[INFO] URLNPC. Step: 980000. Time Elapsed: 9258.307 s. Mean Reward: 14.645. Std of Reward: 16.984. Training. ELO: 1093.205.
[INFO] URLNPC. Step: 990000. Time Elapsed: 9347.827 s. Mean Reward: 8.196. Std of Reward: 13.214. Training. ELO: 1092.953.
[INFO] URLNPC. Step: 1000000. Time Elapsed: 9437.039 s. Mean Reward: 14.076. Std of Reward: 16.928. Training. ELO: 1091.260.
[INFO] Exported results/full-masked-seed-1001/URLNPC/URLNPC-999956.onnx
[INFO] Exported results/full-masked-seed-1001/URLNPC/URLNPC-1000020.onnx
[INFO] Copied results/full-masked-seed-1001/URLNPC/URLNPC-1000020.onnx to results/full-masked-seed-1001/URLNPC.onnx.
